AdminPanel$7.class
MovieToStaff.class
StaffToMovie$2.class
CustomerInfo$2.class
BuyNow$6.class
MovieToNone.class
SearchDropDown$20.class
Hall_Join$2.class
SearchDropDown$7.class
Trading_Activities$5.class
Food_Edit_Table$3.class
AdvancedAdminPanel$4.class
Edit_Tables$5.class
ExShowtime_Join_Staff$1.class
HallToNone.class
SearchDropDown$18.class
HallToNone$1.class
Trading_Activities.class
Hall_Edit_Table$3.class
Food_Join$1.class
ExStaffJoinHall.class
BuyNow$13.class
Hall_Join_Staff.class
Hall_Join_ExShowtime$2.class
Hall_Join$3.class
SearchDropDown$19.class
BuyNow$7.class
Hall_Join.class
Showtime_Join_Tradings$1.class
BuyNow$1.class
SearchDropDown$12.class
AdvancedAdminPanel$3.class
CustomerInfo$1.class
MovieToSeat$2.class
Showtime.class
AdvancedAdminPanel.class
ExShowtime_Join_Hall.class
SearchDropDown$13.class
Hall_Edit_Table$2.class
JoptionPane.class
MovieToSeat$1.class
Showtime_Join_Hall$1.class
Showtime_Join_Hall.class
Trading_Activities$1.class
MovieToTradings.class
window$6.class
AdvancedAdminPanel$5.class
MovieToTradings$1.class
BuyNow$2.class
Hall_Join_Showtime.class
window.class
Hall_Join_Staff$2.class
Hall_Join_ExShowtime$1.class
Register$1.class
Showtime$4.class
StaffToMovie$1.class
SearchDropDown$11.class
Showtime_Join_Staff.class
SearchOption$9.class
AdminPanel$6.class
BuyNow$5.class
SearchDropDown$6.class
SearchDropDown$9.class
Register$3.class
Showtime$5.class
Hall_Join_ExStaff$1.class
Hall_Edit_Table$4.class
HallToMovies$2.class
MovieToTradings$2.class
BuyNow$4.class
HallToStaff$2.class
MovieToNone$1.class
BuyNow$3.class
com\mycompany\test111\ConnectionSQL.class
SearchDropDown$8.class
Hall_Join_ExStaff.class
Hall_Join_Staff$1.class
AdminPanel$8.class
Hall_Edit_Table.class
Hall_Edit_Table$5.class
SearchDropDown$10.class
AdvancedAdminPanel$6.class
Hall_Join$1.class
Edit_Tables.class
Showtime$6.class
HallToMovies$1.class
HallToStaff$1.class
Hall_Join_ExStaff$2.class
MovieToExStaff.class
MovieToStaff$1.class
MovieToNone$2.class
BuyNow$9.class
Hall_Join_ExShowtime.class
SearchOption$7.class
StaffToMovie.class
ExStaffJoinHall$1.class
Hall_Join_Showtime$2.class
SearchDropDown$4.class
Register.class
Food_Join$3.class
Hall_Edit_Table$6.class
SearchDropDown.class
MovieToStaff$2.class
AdminPanel$4.class
Hall_Join$5.class
SearchOption$11.class
ExShowtime_Join_Tradings$1.class
ExShowtime$3.class
SearchDropDown$15.class
MovieToExStaff$1.class
ExShowtime_Join_Tradings.class
BuyNow$10.class
Register$2.class
AdvancedAdminPanel$1.class
window$4.class
BuyNow.class
MovieToExStaff$2.class
ExShowtime$4.class
Hall_Edit_Table$1.class
Login_Table$1.class
SearchOption$2.class
Trading_Activities$3.class
Food_Edit_Table$5.class
AdminPanel.class
ExShowtime.class
AdminPanel$5.class
SearchDropDown$5.class
Showtime$2.class
Showtime_Join_Staff$1.class
SearchOption$8.class
Hall_Join$4.class
Login_Table$2.class
window$5.class
AdvancedAdminPanel$2.class
BuyNow$14.class
Food_Join$2.class
Trading_Activities$2.class
SearchOption$1.class
Login_Table.class
MovieToSeat.class
CustomerInfo.class
MovieToHall$1.class
Food_Edit_Table.class
Showtime$3.class
SearchDropDown$14.class
BuyNow$11.class
ExStaff$1.class
Edit_Tables$1.class
SearchDropDown$17.class
SearchOption$3.class
HallToNone$2.class
Edit_Tables$4.class
MovieToHall$2.class
window$3.class
ExStaff.class
ExShowtime$2.class
SearchOption.class
Hall_Join_Showtime$1.class
SearchOption$6.class
Food_Join.class
BuyNow$8.class
Food_Edit_Table$4.class
SearchDropDown$3.class
Trading_Activities$7.class
Showtime$1.class
Trading_Activities$4.class
HallToStaff.class
AdminPanel$3.class
Hall_Join$6.class
Trading_Activities$6.class
ExStaff$3.class
SearchOption$5.class
window$1.class
Food_Edit_Table$1.class
Edit_Tables$2.class
Showtime_Join_Tradings.class
AdminPanel$2.class
ExShowtime_Join_Hall$1.class
SearchDropDown$2.class
BuyNow$12.class
HallToMovies.class
ExShowtime_Join_Staff.class
AdminPanel$1.class
window$2.class
ExStaff$2.class
CustomerInfo$3.class
ExShowtime$1.class
SearchOption$10.class
Edit_Tables$3.class
Food_Edit_Table$2.class
SearchDropDown$1.class
SearchOption$4.class
SearchDropDown$16.class
HallToNone$3.class
MovieToHall.class
