C:\Users\Rifat Waheed\Desktop\Database images\Test111\src\main\java\ExShowtime_Join_Tradings.java
C:\Users\Rifat Waheed\Desktop\Database images\Test111\src\main\java\Hall_Join_ExShowtime.java
C:\Users\Rifat Waheed\Desktop\Database images\Test111\src\main\java\JoptionPane.java
C:\Users\Rifat Waheed\Desktop\Database images\Test111\src\main\java\MovieToSeat.java
C:\Users\Rifat Waheed\Desktop\Database images\Test111\src\main\java\Hall_Join_Showtime.java
C:\Users\Rifat Waheed\Desktop\Database images\Test111\src\main\java\MovieToHall.java
C:\Users\Rifat Waheed\Desktop\Database images\Test111\src\main\java\AdvancedAdminPanel.java
C:\Users\Rifat Waheed\Desktop\Database images\Test111\src\main\java\Showtime_Join_Tradings.java
C:\Users\Rifat Waheed\Desktop\Database images\Test111\src\main\java\Hall_Join_ExStaff.java
C:\Users\Rifat Waheed\Desktop\Database images\Test111\src\main\java\window.java
C:\Users\Rifat Waheed\Desktop\Database images\Test111\src\main\java\HallToStaff.java
C:\Users\Rifat Waheed\Desktop\Database images\Test111\src\main\java\SearchOption.java
C:\Users\Rifat Waheed\Desktop\Database images\Test111\src\main\java\Hall_Join.java
C:\Users\Rifat Waheed\Desktop\Database images\Test111\src\main\java\Food_Edit_Table.java
C:\Users\Rifat Waheed\Desktop\Database images\Test111\src\main\java\StaffToMovie.java
C:\Users\Rifat Waheed\Desktop\Database images\Test111\src\main\java\Hall_Join_Staff.java
C:\Users\Rifat Waheed\Desktop\Database images\Test111\src\main\java\ExStaff.java
C:\Users\Rifat Waheed\Desktop\Database images\Test111\src\main\java\ExStaffJoinHall.java
C:\Users\Rifat Waheed\Desktop\Database images\Test111\src\main\java\ExShowtime_Join_Hall.java
C:\Users\Rifat Waheed\Desktop\Database images\Test111\src\main\java\Food_Join.java
C:\Users\Rifat Waheed\Desktop\Database images\Test111\src\main\java\HallToMovies.java
C:\Users\Rifat Waheed\Desktop\Database images\Test111\src\main\java\MovieToTradings.java
C:\Users\Rifat Waheed\Desktop\Database images\Test111\src\main\java\MovieToNone.java
C:\Users\Rifat Waheed\Desktop\Database images\Test111\src\main\java\Showtime.java
C:\Users\Rifat Waheed\Desktop\Database images\Test111\src\main\java\AdminPanel.java
C:\Users\Rifat Waheed\Desktop\Database images\Test111\src\main\java\CustomerInfo.java
C:\Users\Rifat Waheed\Desktop\Database images\Test111\src\main\java\HallToNone.java
C:\Users\Rifat Waheed\Desktop\Database images\Test111\src\main\java\BuyNow.java
C:\Users\Rifat Waheed\Desktop\Database images\Test111\src\main\java\Hall_Edit_Table.java
C:\Users\Rifat Waheed\Desktop\Database images\Test111\src\main\java\Register.java
C:\Users\Rifat Waheed\Desktop\Database images\Test111\src\main\java\Showtime_Join_Hall.java
C:\Users\Rifat Waheed\Desktop\Database images\Test111\src\main\java\MovieToStaff.java
C:\Users\Rifat Waheed\Desktop\Database images\Test111\src\main\java\Trading_Activities.java
C:\Users\Rifat Waheed\Desktop\Database images\Test111\src\main\java\Edit_Tables.java
C:\Users\Rifat Waheed\Desktop\Database images\Test111\src\main\java\SearchDropDown.java
C:\Users\Rifat Waheed\Desktop\Database images\Test111\src\main\java\ExShowtime.java
C:\Users\Rifat Waheed\Desktop\Database images\Test111\src\main\java\MovieToExStaff.java
C:\Users\Rifat Waheed\Desktop\Database images\Test111\src\main\java\Showtime_Join_Staff.java
C:\Users\Rifat Waheed\Desktop\Database images\Test111\src\main\java\com\mycompany\test111\ConnectionSQL.java
C:\Users\Rifat Waheed\Desktop\Database images\Test111\src\main\java\ExShowtime_Join_Staff.java
C:\Users\Rifat Waheed\Desktop\Database images\Test111\src\main\java\Login_Table.java
